Archive member included because of file (symbol)

d:/imt_avr_records/00-tools/05-toolchains/sdk_win_64/winavr/bin/../lib/gcc/avr/4.3.3/avr5\libgcc.a(_exit.o)
                              d:/imt_avr_records/00-tools/05-toolchains/sdk_win_64/winavr/bin/../lib/gcc/avr/4.3.3/../../../../avr/lib/avr5/crtm32.o (exit)
d:/imt_avr_records/00-tools/05-toolchains/sdk_win_64/winavr/bin/../lib/gcc/avr/4.3.3/avr5\libgcc.a(_copy_data.o)
                              ./APP/main.o (__do_copy_data)
d:/imt_avr_records/00-tools/05-toolchains/sdk_win_64/winavr/bin/../lib/gcc/avr/4.3.3/avr5\libgcc.a(_clear_bss.o)
                              ./MCAL/EXTI/EXTI_Program.o (__do_clear_bss)
d:/imt_avr_records/00-tools/05-toolchains/sdk_win_64/winavr/bin/../lib/gcc/avr/4.3.3/avr5\libgcc.a(_fixunssfsi.o)
                              ./HAL/LCD/LCD_Program.o (__fixunssfsi)
d:/imt_avr_records/00-tools/05-toolchains/sdk_win_64/winavr/bin/../lib/gcc/avr/4.3.3/avr5\libgcc.a(_addsub_sf.o)
                              d:/imt_avr_records/00-tools/05-toolchains/sdk_win_64/winavr/bin/../lib/gcc/avr/4.3.3/avr5\libgcc.a(_fixunssfsi.o) (__subsf3)
d:/imt_avr_records/00-tools/05-toolchains/sdk_win_64/winavr/bin/../lib/gcc/avr/4.3.3/avr5\libgcc.a(_mul_sf.o)
                              ./HAL/LCD/LCD_Program.o (__mulsf3)
d:/imt_avr_records/00-tools/05-toolchains/sdk_win_64/winavr/bin/../lib/gcc/avr/4.3.3/avr5\libgcc.a(_gt_sf.o)
                              ./HAL/LCD/LCD_Program.o (__gtsf2)
d:/imt_avr_records/00-tools/05-toolchains/sdk_win_64/winavr/bin/../lib/gcc/avr/4.3.3/avr5\libgcc.a(_ge_sf.o)
                              d:/imt_avr_records/00-tools/05-toolchains/sdk_win_64/winavr/bin/../lib/gcc/avr/4.3.3/avr5\libgcc.a(_fixunssfsi.o) (__gesf2)
d:/imt_avr_records/00-tools/05-toolchains/sdk_win_64/winavr/bin/../lib/gcc/avr/4.3.3/avr5\libgcc.a(_lt_sf.o)
                              ./HAL/LCD/LCD_Program.o (__ltsf2)
d:/imt_avr_records/00-tools/05-toolchains/sdk_win_64/winavr/bin/../lib/gcc/avr/4.3.3/avr5\libgcc.a(_sf_to_si.o)
                              d:/imt_avr_records/00-tools/05-toolchains/sdk_win_64/winavr/bin/../lib/gcc/avr/4.3.3/avr5\libgcc.a(_fixunssfsi.o) (__fixsfsi)
d:/imt_avr_records/00-tools/05-toolchains/sdk_win_64/winavr/bin/../lib/gcc/avr/4.3.3/avr5\libgcc.a(_thenan_sf.o)
                              d:/imt_avr_records/00-tools/05-toolchains/sdk_win_64/winavr/bin/../lib/gcc/avr/4.3.3/avr5\libgcc.a(_addsub_sf.o) (__thenan_sf)
d:/imt_avr_records/00-tools/05-toolchains/sdk_win_64/winavr/bin/../lib/gcc/avr/4.3.3/avr5\libgcc.a(_prologue.o)
                              d:/imt_avr_records/00-tools/05-toolchains/sdk_win_64/winavr/bin/../lib/gcc/avr/4.3.3/avr5\libgcc.a(_addsub_sf.o) (__prologue_saves__)
d:/imt_avr_records/00-tools/05-toolchains/sdk_win_64/winavr/bin/../lib/gcc/avr/4.3.3/avr5\libgcc.a(_epilogue.o)
                              d:/imt_avr_records/00-tools/05-toolchains/sdk_win_64/winavr/bin/../lib/gcc/avr/4.3.3/avr5\libgcc.a(_addsub_sf.o) (__epilogue_restores__)
d:/imt_avr_records/00-tools/05-toolchains/sdk_win_64/winavr/bin/../lib/gcc/avr/4.3.3/avr5\libgcc.a(_pack_sf.o)
                              d:/imt_avr_records/00-tools/05-toolchains/sdk_win_64/winavr/bin/../lib/gcc/avr/4.3.3/avr5\libgcc.a(_addsub_sf.o) (__pack_f)
d:/imt_avr_records/00-tools/05-toolchains/sdk_win_64/winavr/bin/../lib/gcc/avr/4.3.3/avr5\libgcc.a(_unpack_sf.o)
                              d:/imt_avr_records/00-tools/05-toolchains/sdk_win_64/winavr/bin/../lib/gcc/avr/4.3.3/avr5\libgcc.a(_addsub_sf.o) (__unpack_f)
d:/imt_avr_records/00-tools/05-toolchains/sdk_win_64/winavr/bin/../lib/gcc/avr/4.3.3/avr5\libgcc.a(_fpcmp_parts_sf.o)
                              d:/imt_avr_records/00-tools/05-toolchains/sdk_win_64/winavr/bin/../lib/gcc/avr/4.3.3/avr5\libgcc.a(_gt_sf.o) (__fpcmp_parts_f)

Allocating common symbols
Common symbol       size              file

pressed_Keys        0xa               ./APP/main.o
count               0x1               ./APP/main.o

Memory Configuration

Name             Origin             Length             Attributes
text             0x00000000         0x00020000         xr
data             0x00800060         0x0000ffa0         rw !x
eeprom           0x00810000         0x00010000         rw !x
fuse             0x00820000         0x00000400         rw !x
lock             0x00830000         0x00000400         rw !x
signature        0x00840000         0x00000400         rw !x
*default*        0x00000000         0xffffffff

Linker script and memory map

LOAD d:/imt_avr_records/00-tools/05-toolchains/sdk_win_64/winavr/bin/../lib/gcc/avr/4.3.3/../../../../avr/lib/avr5/crtm32.o
LOAD ./MCAL/Global_Interrupt/GI_Program.o
LOAD ./MCAL/EXTI/EXTI_Program.o
LOAD ./MCAL/DIO_LCD/Dio_Program.o
LOAD ./MCAL/DIO/DIO_Program.o
LOAD ./HAL/Stepper/Stepper_Program.o
LOAD ./HAL/LCD/LCD_Program.o
LOAD ./HAL/KEYPAD/Keypad.o
LOAD ./HAL/DC_MOTOR/DC_Motor_Program.o
LOAD ./APP/main.o
LOAD d:/imt_avr_records/00-tools/05-toolchains/sdk_win_64/winavr/bin/../lib/gcc/avr/4.3.3/avr5\libgcc.a
LOAD d:/imt_avr_records/00-tools/05-toolchains/sdk_win_64/winavr/bin/../lib/gcc/avr/4.3.3/../../../../avr/lib/avr5\libc.a
LOAD d:/imt_avr_records/00-tools/05-toolchains/sdk_win_64/winavr/bin/../lib/gcc/avr/4.3.3/avr5\libgcc.a

.hash
 *(.hash)

.dynsym
 *(.dynsym)

.dynstr
 *(.dynstr)

.gnu.version
 *(.gnu.version)

.gnu.version_d
 *(.gnu.version_d)

.gnu.version_r
 *(.gnu.version_r)

.rel.init
 *(.rel.init)

.rela.init
 *(.rela.init)

.rel.text
 *(.rel.text)
 *(.rel.text.*)
 *(.rel.gnu.linkonce.t*)

.rela.text
 *(.rela.text)
 *(.rela.text.*)
 *(.rela.gnu.linkonce.t*)

.rel.fini
 *(.rel.fini)

.rela.fini
 *(.rela.fini)

.rel.rodata
 *(.rel.rodata)
 *(.rel.rodata.*)
 *(.rel.gnu.linkonce.r*)

.rela.rodata
 *(.rela.rodata)
 *(.rela.rodata.*)
 *(.rela.gnu.linkonce.r*)

.rel.data
 *(.rel.data)
 *(.rel.data.*)
 *(.rel.gnu.linkonce.d*)

.rela.data
 *(.rela.data)
 *(.rela.data.*)
 *(.rela.gnu.linkonce.d*)

.rel.ctors
 *(.rel.ctors)

.rela.ctors
 *(.rela.ctors)

.rel.dtors
 *(.rel.dtors)

.rela.dtors
 *(.rela.dtors)

.rel.got
 *(.rel.got)

.rela.got
 *(.rela.got)

.rel.bss
 *(.rel.bss)

.rela.bss
 *(.rela.bss)

.rel.plt
 *(.rel.plt)

.rela.plt
 *(.rela.plt)

.text           0x00000000     0x5702
 *(.vectors)
 .vectors       0x00000000       0x54 d:/imt_avr_records/00-tools/05-toolchains/sdk_win_64/winavr/bin/../lib/gcc/avr/4.3.3/../../../../avr/lib/avr5/crtm32.o
                0x00000000                __vectors
                0x00000000                __vector_default
 *(.vectors)
 *(.progmem.gcc*)
 *(.progmem*)
                0x00000054                . = ALIGN (0x2)
                0x00000054                __trampolines_start = .
 *(.trampolines)
 .trampolines   0x00000054        0x0 linker stubs
 *(.trampolines*)
                0x00000054                __trampolines_end = .
 *(.jumptables)
 *(.jumptables*)
 *(.lowtext)
 *(.lowtext*)
                0x00000054                __ctors_start = .
 *(.ctors)
                0x00000054                __ctors_end = .
                0x00000054                __dtors_start = .
 *(.dtors)
                0x00000054                __dtors_end = .
 SORT(*)(.ctors)
 SORT(*)(.dtors)
 *(.init0)
 .init0         0x00000054        0x0 d:/imt_avr_records/00-tools/05-toolchains/sdk_win_64/winavr/bin/../lib/gcc/avr/4.3.3/../../../../avr/lib/avr5/crtm32.o
                0x00000054                __init
 *(.init0)
 *(.init1)
 *(.init1)
 *(.init2)
 .init2         0x00000054        0xc d:/imt_avr_records/00-tools/05-toolchains/sdk_win_64/winavr/bin/../lib/gcc/avr/4.3.3/../../../../avr/lib/avr5/crtm32.o
 *(.init2)
 *(.init3)
 *(.init3)
 *(.init4)
 .init4         0x00000060       0x16 d:/imt_avr_records/00-tools/05-toolchains/sdk_win_64/winavr/bin/../lib/gcc/avr/4.3.3/avr5\libgcc.a(_copy_data.o)
                0x00000060                __do_copy_data
 .init4         0x00000076       0x10 d:/imt_avr_records/00-tools/05-toolchains/sdk_win_64/winavr/bin/../lib/gcc/avr/4.3.3/avr5\libgcc.a(_clear_bss.o)
                0x00000076                __do_clear_bss
 *(.init4)
 *(.init5)
 *(.init5)
 *(.init6)
 *(.init6)
 *(.init7)
 *(.init7)
 *(.init8)
 *(.init8)
 *(.init9)
 .init9         0x00000086        0x8 d:/imt_avr_records/00-tools/05-toolchains/sdk_win_64/winavr/bin/../lib/gcc/avr/4.3.3/../../../../avr/lib/avr5/crtm32.o
 *(.init9)
 *(.text)
 .text          0x0000008e        0x4 d:/imt_avr_records/00-tools/05-toolchains/sdk_win_64/winavr/bin/../lib/gcc/avr/4.3.3/../../../../avr/lib/avr5/crtm32.o
                0x0000008e                __vector_12
                0x0000008e                __bad_interrupt
                0x0000008e                __vector_6
                0x0000008e                __vector_11
                0x0000008e                __vector_13
                0x0000008e                __vector_17
                0x0000008e                __vector_19
                0x0000008e                __vector_7
                0x0000008e                __vector_5
                0x0000008e                __vector_4
                0x0000008e                __vector_9
                0x0000008e                __vector_15
                0x0000008e                __vector_8
                0x0000008e                __vector_14
                0x0000008e                __vector_10
                0x0000008e                __vector_16
                0x0000008e                __vector_18
                0x0000008e                __vector_20
 .text          0x00000092        0x0 ./MCAL/Global_Interrupt/GI_Program.o
 .text          0x00000092        0x0 ./MCAL/EXTI/EXTI_Program.o
 .text          0x00000092        0x0 ./MCAL/DIO_LCD/Dio_Program.o
 .text          0x00000092        0x0 ./MCAL/DIO/DIO_Program.o
 .text          0x00000092        0x0 ./HAL/Stepper/Stepper_Program.o
 .text          0x00000092        0x0 ./HAL/LCD/LCD_Program.o
 .text          0x00000092        0x0 ./HAL/KEYPAD/Keypad.o
 .text          0x00000092        0x0 ./HAL/DC_MOTOR/DC_Motor_Program.o
 .text          0x00000092        0x0 ./APP/main.o
 .text          0x00000092        0x0 d:/imt_avr_records/00-tools/05-toolchains/sdk_win_64/winavr/bin/../lib/gcc/avr/4.3.3/avr5\libgcc.a(_exit.o)
 .text          0x00000092        0x0 d:/imt_avr_records/00-tools/05-toolchains/sdk_win_64/winavr/bin/../lib/gcc/avr/4.3.3/avr5\libgcc.a(_copy_data.o)
 .text          0x00000092        0x0 d:/imt_avr_records/00-tools/05-toolchains/sdk_win_64/winavr/bin/../lib/gcc/avr/4.3.3/avr5\libgcc.a(_clear_bss.o)
 .text          0x00000092       0x58 d:/imt_avr_records/00-tools/05-toolchains/sdk_win_64/winavr/bin/../lib/gcc/avr/4.3.3/avr5\libgcc.a(_fixunssfsi.o)
                0x00000092                __fixunssfsi
 .text          0x000000ea      0x354 d:/imt_avr_records/00-tools/05-toolchains/sdk_win_64/winavr/bin/../lib/gcc/avr/4.3.3/avr5\libgcc.a(_addsub_sf.o)
                0x00000382                __subsf3
                0x000003e4                __addsf3
 .text          0x0000043e      0x1f4 d:/imt_avr_records/00-tools/05-toolchains/sdk_win_64/winavr/bin/../lib/gcc/avr/4.3.3/avr5\libgcc.a(_mul_sf.o)
                0x0000043e                __mulsf3
 .text          0x00000632       0x60 d:/imt_avr_records/00-tools/05-toolchains/sdk_win_64/winavr/bin/../lib/gcc/avr/4.3.3/avr5\libgcc.a(_gt_sf.o)
                0x00000632                __gtsf2
 .text          0x00000692       0x60 d:/imt_avr_records/00-tools/05-toolchains/sdk_win_64/winavr/bin/../lib/gcc/avr/4.3.3/avr5\libgcc.a(_ge_sf.o)
                0x00000692                __gesf2
 .text          0x000006f2       0x60 d:/imt_avr_records/00-tools/05-toolchains/sdk_win_64/winavr/bin/../lib/gcc/avr/4.3.3/avr5\libgcc.a(_lt_sf.o)
                0x000006f2                __ltsf2
 .text          0x00000752       0xa8 d:/imt_avr_records/00-tools/05-toolchains/sdk_win_64/winavr/bin/../lib/gcc/avr/4.3.3/avr5\libgcc.a(_sf_to_si.o)
                0x00000752                __fixsfsi
 .text          0x000007fa        0x0 d:/imt_avr_records/00-tools/05-toolchains/sdk_win_64/winavr/bin/../lib/gcc/avr/4.3.3/avr5\libgcc.a(_thenan_sf.o)
 .text          0x000007fa        0x0 d:/imt_avr_records/00-tools/05-toolchains/sdk_win_64/winavr/bin/../lib/gcc/avr/4.3.3/avr5\libgcc.a(_prologue.o)
 .text          0x000007fa        0x0 d:/imt_avr_records/00-tools/05-toolchains/sdk_win_64/winavr/bin/../lib/gcc/avr/4.3.3/avr5\libgcc.a(_epilogue.o)
 .text          0x000007fa      0x1aa d:/imt_avr_records/00-tools/05-toolchains/sdk_win_64/winavr/bin/../lib/gcc/avr/4.3.3/avr5\libgcc.a(_pack_sf.o)
                0x000007fa                __pack_f
 .text          0x000009a4       0xf0 d:/imt_avr_records/00-tools/05-toolchains/sdk_win_64/winavr/bin/../lib/gcc/avr/4.3.3/avr5\libgcc.a(_unpack_sf.o)
                0x000009a4                __unpack_f
 .text          0x00000a94       0xb2 d:/imt_avr_records/00-tools/05-toolchains/sdk_win_64/winavr/bin/../lib/gcc/avr/4.3.3/avr5\libgcc.a(_fpcmp_parts_sf.o)
                0x00000a94                __fpcmp_parts_f
                0x00000b46                . = ALIGN (0x2)
 *(.text.*)
 .text.EXTI_voidEnable_GIE
                0x00000b46       0x1c ./MCAL/Global_Interrupt/GI_Program.o
                0x00000b46                EXTI_voidEnable_GIE
 .text.EXTI_voidDisable_GIE
                0x00000b62       0x1c ./MCAL/Global_Interrupt/GI_Program.o
                0x00000b62                EXTI_voidDisable_GIE
 .text.setCallBack
                0x00000b7e       0x36 ./MCAL/EXTI/EXTI_Program.o
                0x00000b7e                setCallBack
 .text.EXTI0_LowLevel_MODE
                0x00000bb4       0x2a ./MCAL/EXTI/EXTI_Program.o
                0x00000bb4                EXTI0_LowLevel_MODE
 .text.EXTI0_FALLING_MODE
                0x00000bde       0x2a ./MCAL/EXTI/EXTI_Program.o
                0x00000bde                EXTI0_FALLING_MODE
 .text.EXTI0_AnyLogicalChange_MODE
                0x00000c08       0x2a ./MCAL/EXTI/EXTI_Program.o
                0x00000c08                EXTI0_AnyLogicalChange_MODE
 .text.EXTI0_RISING_MODE
                0x00000c32       0x2a ./MCAL/EXTI/EXTI_Program.o
                0x00000c32                EXTI0_RISING_MODE
 .text.EXTI1_LowLevel_MODE
                0x00000c5c       0x2a ./MCAL/EXTI/EXTI_Program.o
                0x00000c5c                EXTI1_LowLevel_MODE
 .text.EXTI1_FALLING_MODE
                0x00000c86       0x2a ./MCAL/EXTI/EXTI_Program.o
                0x00000c86                EXTI1_FALLING_MODE
 .text.EXTI1_AnyLogicalChange_MODE
                0x00000cb0       0x2a ./MCAL/EXTI/EXTI_Program.o
                0x00000cb0                EXTI1_AnyLogicalChange_MODE
 .text.EXTI1_RISING_MODE
                0x00000cda       0x2a ./MCAL/EXTI/EXTI_Program.o
                0x00000cda                EXTI1_RISING_MODE
 .text.EXTI2_RISING_MODE
                0x00000d04       0x1c ./MCAL/EXTI/EXTI_Program.o
                0x00000d04                EXTI2_RISING_MODE
 .text.EXTI2_FALLING_MODE
                0x00000d20       0x1c ./MCAL/EXTI/EXTI_Program.o
                0x00000d20                EXTI2_FALLING_MODE
 .text.EXTI_voidEXTI0Enable
                0x00000d3c       0x20 ./MCAL/EXTI/EXTI_Program.o
                0x00000d3c                EXTI_voidEXTI0Enable
 .text.EXTI_voidEXTI1Enable
                0x00000d5c       0x20 ./MCAL/EXTI/EXTI_Program.o
                0x00000d5c                EXTI_voidEXTI1Enable
 .text.EXTI_voidEnable
                0x00000d7c      0x152 ./MCAL/EXTI/EXTI_Program.o
                0x00000d7c                EXTI_voidEnable
 .text.EXTI_voidDisable
                0x00000ece       0x56 ./MCAL/EXTI/EXTI_Program.o
                0x00000ece                EXTI_voidDisable
 .text.__vector_1
                0x00000f24       0x66 ./MCAL/EXTI/EXTI_Program.o
                0x00000f24                __vector_1
 .text.__vector_2
                0x00000f8a       0x66 ./MCAL/EXTI/EXTI_Program.o
                0x00000f8a                __vector_2
 .text.__vector_3
                0x00000ff0       0x66 ./MCAL/EXTI/EXTI_Program.o
                0x00000ff0                __vector_3
 .text.LCD_setPinDirection
                0x00001056      0x1d6 ./MCAL/DIO_LCD/Dio_Program.o
                0x00001056                LCD_setPinDirection
 .text.LCD_setPinValue
                0x0000122c      0x1d6 ./MCAL/DIO_LCD/Dio_Program.o
                0x0000122c                LCD_setPinValue
 .text.LCD_getPinValue
                0x00001402      0x136 ./MCAL/DIO_LCD/Dio_Program.o
                0x00001402                LCD_getPinValue
 .text.LCD_setPortDirection
                0x00001538       0x88 ./MCAL/DIO_LCD/Dio_Program.o
                0x00001538                LCD_setPortDirection
 .text.LCD_setPortValue
                0x000015c0       0x88 ./MCAL/DIO_LCD/Dio_Program.o
                0x000015c0                LCD_setPortValue
 .text.LCD_getPortValue
                0x00001648       0x8a ./MCAL/DIO_LCD/Dio_Program.o
                0x00001648                LCD_getPortValue
 .text.DIO_voidInit
                0x000016d2       0x42 ./MCAL/DIO/DIO_Program.o
                0x000016d2                DIO_voidInit
 .text.DIO_u8SetPinDirection
                0x00001714      0x254 ./MCAL/DIO/DIO_Program.o
                0x00001714                DIO_u8SetPinDirection
 .text.DIO_u8SetPinValue
                0x00001968      0x262 ./MCAL/DIO/DIO_Program.o
                0x00001968                DIO_u8SetPinValue
 .text.DIO_u8GetPinValue
                0x00001bca      0x17c ./MCAL/DIO/DIO_Program.o
                0x00001bca                DIO_u8GetPinValue
 .text.DIO_u8SetPortDirection
                0x00001d46      0x128 ./MCAL/DIO/DIO_Program.o
                0x00001d46                DIO_u8SetPortDirection
 .text.DIO_u8SetPortValue
                0x00001e6e      0x13a ./MCAL/DIO/DIO_Program.o
                0x00001e6e                DIO_u8SetPortValue
 .text.DIO_u8GetPortValue
                0x00001fa8       0xb4 ./MCAL/DIO/DIO_Program.o
                0x00001fa8                DIO_u8GetPortValue
 .text.DIO_u8SetValueToAllPins
                0x0000205c      0x516 ./MCAL/DIO/DIO_Program.o
                0x0000205c                DIO_u8SetValueToAllPins
 .text.Stepper_Init
                0x00002572       0x36 ./HAL/Stepper/Stepper_Program.o
                0x00002572                Stepper_Init
 .text.ActivatePins1
                0x000025a8       0x4a ./HAL/Stepper/Stepper_Program.o
                0x000025a8                ActivatePins1
 .text.ActivatePins2
                0x000025f2       0x4a ./HAL/Stepper/Stepper_Program.o
                0x000025f2                ActivatePins2
 .text.SelectStepAngle
                0x0000263c       0xbc ./HAL/Stepper/Stepper_Program.o
                0x0000263c                SelectStepAngle
 .text.LCD_sendCommand
                0x000026f8      0x3de ./HAL/LCD/LCD_Program.o
                0x000026f8                LCD_sendCommand
 .text.LCD_displayCharacter
                0x00002ad6      0x3de ./HAL/LCD/LCD_Program.o
                0x00002ad6                LCD_displayCharacter
 .text.LCD_init
                0x00002eb4      0x138 ./HAL/LCD/LCD_Program.o
                0x00002eb4                LCD_init
 .text.LCD_GoToXY
                0x00002fec       0x54 ./HAL/LCD/LCD_Program.o
                0x00002fec                LCD_GoToXY
 .text.LCD_displayString
                0x00003040       0x52 ./HAL/LCD/LCD_Program.o
                0x00003040                LCD_displayString
 .text.LCD_String_xy
                0x00003092       0xda ./HAL/LCD/LCD_Program.o
                0x00003092                LCD_String_xy
 .text.LCD_ClearScreen
                0x0000316c      0x110 ./HAL/LCD/LCD_Program.o
                0x0000316c                LCD_ClearScreen
 .text.LCD_ShiftingLeft
                0x0000327c      0x110 ./HAL/LCD/LCD_Program.o
                0x0000327c                LCD_ShiftingLeft
 .text.LCD_ShiftingRight
                0x0000338c      0x110 ./HAL/LCD/LCD_Program.o
                0x0000338c                LCD_ShiftingRight
 .text.LCD_WriteSpecialChar
                0x0000349c       0x90 ./HAL/LCD/LCD_Program.o
                0x0000349c                LCD_WriteSpecialChar
 .text.Keypad_GetPressedKey
                0x0000352c       0xb2 ./HAL/KEYPAD/Keypad.o
                0x0000352c                Keypad_GetPressedKey
 .text.Keypad_4x3
                0x000035de       0x66 ./HAL/KEYPAD/Keypad.o
                0x000035de                Keypad_4x3
 .text.DC_Motor_Init
                0x00003644       0x70 ./HAL/DC_MOTOR/DC_Motor_Program.o
                0x00003644                DC_Motor_Init
 .text.DC_Motor_Rotate
                0x000036b4      0x110 ./HAL/DC_MOTOR/DC_Motor_Program.o
                0x000036b4                DC_Motor_Rotate
 .text.DC_Motor_Stop
                0x000037c4       0x42 ./HAL/DC_MOTOR/DC_Motor_Program.o
                0x000037c4                DC_Motor_Stop
 .text.First_Screen
                0x00003806      0x136 ./APP/main.o
                0x00003806                First_Screen
 .text.Second_Screen
                0x0000393c       0x3a ./APP/main.o
                0x0000393c                Second_Screen
 .text.StepperAngles_Screen
                0x00003976       0x2a ./APP/main.o
                0x00003976                StepperAngles_Screen
 .text.StepperDirection_Screen
                0x000039a0       0x2a ./APP/main.o
                0x000039a0                StepperDirection_Screen
 .text.main     0x000039ca       0x70 ./APP/main.o
                0x000039ca                main
 .text.Tog_Led  0x00003a3a       0x42 ./APP/main.o
                0x00003a3a                Tog_Led
 .text.EXTI_System
                0x00003a7c     0x1c14 ./APP/main.o
                0x00003a7c                EXTI_System
 .text.libgcc   0x00005690        0x0 d:/imt_avr_records/00-tools/05-toolchains/sdk_win_64/winavr/bin/../lib/gcc/avr/4.3.3/avr5\libgcc.a(_exit.o)
 .text.libgcc   0x00005690        0x0 d:/imt_avr_records/00-tools/05-toolchains/sdk_win_64/winavr/bin/../lib/gcc/avr/4.3.3/avr5\libgcc.a(_copy_data.o)
 .text.libgcc   0x00005690        0x0 d:/imt_avr_records/00-tools/05-toolchains/sdk_win_64/winavr/bin/../lib/gcc/avr/4.3.3/avr5\libgcc.a(_clear_bss.o)
 .text.libgcc   0x00005690       0x38 d:/imt_avr_records/00-tools/05-toolchains/sdk_win_64/winavr/bin/../lib/gcc/avr/4.3.3/avr5\libgcc.a(_prologue.o)
                0x00005690                __prologue_saves__
 .text.libgcc   0x000056c8       0x36 d:/imt_avr_records/00-tools/05-toolchains/sdk_win_64/winavr/bin/../lib/gcc/avr/4.3.3/avr5\libgcc.a(_epilogue.o)
                0x000056c8                __epilogue_restores__
                0x000056fe                . = ALIGN (0x2)
 *(.fini9)
 .fini9         0x000056fe        0x0 d:/imt_avr_records/00-tools/05-toolchains/sdk_win_64/winavr/bin/../lib/gcc/avr/4.3.3/avr5\libgcc.a(_exit.o)
                0x000056fe                exit
                0x000056fe                _exit
 *(.fini9)
 *(.fini8)
 *(.fini8)
 *(.fini7)
 *(.fini7)
 *(.fini6)
 *(.fini6)
 *(.fini5)
 *(.fini5)
 *(.fini4)
 *(.fini4)
 *(.fini3)
 *(.fini3)
 *(.fini2)
 *(.fini2)
 *(.fini1)
 *(.fini1)
 *(.fini0)
 .fini0         0x000056fe        0x4 d:/imt_avr_records/00-tools/05-toolchains/sdk_win_64/winavr/bin/../lib/gcc/avr/4.3.3/avr5\libgcc.a(_exit.o)
 *(.fini0)
                0x00005702                _etext = .

.data           0x00800060       0xac load address 0x00005702
                0x00800060                PROVIDE (__data_start, .)
 *(.data)
 .data          0x00800060        0x0 d:/imt_avr_records/00-tools/05-toolchains/sdk_win_64/winavr/bin/../lib/gcc/avr/4.3.3/../../../../avr/lib/avr5/crtm32.o
 .data          0x00800060        0x0 ./MCAL/Global_Interrupt/GI_Program.o
 .data          0x00800060        0x0 ./MCAL/EXTI/EXTI_Program.o
 .data          0x00800060        0x0 ./MCAL/DIO_LCD/Dio_Program.o
 .data          0x00800060        0x0 ./MCAL/DIO/DIO_Program.o
 .data          0x00800060        0x0 ./HAL/Stepper/Stepper_Program.o
 .data          0x00800060        0x0 ./HAL/LCD/LCD_Program.o
 .data          0x00800060        0x0 ./HAL/KEYPAD/Keypad.o
 .data          0x00800060        0x0 ./HAL/DC_MOTOR/DC_Motor_Program.o
 .data          0x00800060       0x9a ./APP/main.o
 .data          0x008000fa        0x0 d:/imt_avr_records/00-tools/05-toolchains/sdk_win_64/winavr/bin/../lib/gcc/avr/4.3.3/avr5\libgcc.a(_exit.o)
 .data          0x008000fa        0x0 d:/imt_avr_records/00-tools/05-toolchains/sdk_win_64/winavr/bin/../lib/gcc/avr/4.3.3/avr5\libgcc.a(_copy_data.o)
 .data          0x008000fa        0x0 d:/imt_avr_records/00-tools/05-toolchains/sdk_win_64/winavr/bin/../lib/gcc/avr/4.3.3/avr5\libgcc.a(_clear_bss.o)
 .data          0x008000fa        0x0 d:/imt_avr_records/00-tools/05-toolchains/sdk_win_64/winavr/bin/../lib/gcc/avr/4.3.3/avr5\libgcc.a(_fixunssfsi.o)
 .data          0x008000fa        0x0 d:/imt_avr_records/00-tools/05-toolchains/sdk_win_64/winavr/bin/../lib/gcc/avr/4.3.3/avr5\libgcc.a(_addsub_sf.o)
 .data          0x008000fa        0x0 d:/imt_avr_records/00-tools/05-toolchains/sdk_win_64/winavr/bin/../lib/gcc/avr/4.3.3/avr5\libgcc.a(_mul_sf.o)
 .data          0x008000fa        0x0 d:/imt_avr_records/00-tools/05-toolchains/sdk_win_64/winavr/bin/../lib/gcc/avr/4.3.3/avr5\libgcc.a(_gt_sf.o)
 .data          0x008000fa        0x0 d:/imt_avr_records/00-tools/05-toolchains/sdk_win_64/winavr/bin/../lib/gcc/avr/4.3.3/avr5\libgcc.a(_ge_sf.o)
 .data          0x008000fa        0x0 d:/imt_avr_records/00-tools/05-toolchains/sdk_win_64/winavr/bin/../lib/gcc/avr/4.3.3/avr5\libgcc.a(_lt_sf.o)
 .data          0x008000fa        0x0 d:/imt_avr_records/00-tools/05-toolchains/sdk_win_64/winavr/bin/../lib/gcc/avr/4.3.3/avr5\libgcc.a(_sf_to_si.o)
 .data          0x008000fa        0x8 d:/imt_avr_records/00-tools/05-toolchains/sdk_win_64/winavr/bin/../lib/gcc/avr/4.3.3/avr5\libgcc.a(_thenan_sf.o)
                0x008000fa                __thenan_sf
 .data          0x00800102        0x0 d:/imt_avr_records/00-tools/05-toolchains/sdk_win_64/winavr/bin/../lib/gcc/avr/4.3.3/avr5\libgcc.a(_prologue.o)
 .data          0x00800102        0x0 d:/imt_avr_records/00-tools/05-toolchains/sdk_win_64/winavr/bin/../lib/gcc/avr/4.3.3/avr5\libgcc.a(_epilogue.o)
 .data          0x00800102        0x0 d:/imt_avr_records/00-tools/05-toolchains/sdk_win_64/winavr/bin/../lib/gcc/avr/4.3.3/avr5\libgcc.a(_pack_sf.o)
 .data          0x00800102        0x0 d:/imt_avr_records/00-tools/05-toolchains/sdk_win_64/winavr/bin/../lib/gcc/avr/4.3.3/avr5\libgcc.a(_unpack_sf.o)
 .data          0x00800102        0x0 d:/imt_avr_records/00-tools/05-toolchains/sdk_win_64/winavr/bin/../lib/gcc/avr/4.3.3/avr5\libgcc.a(_fpcmp_parts_sf.o)
 *(.data*)
 .data.password
                0x00800102        0xa ./APP/main.o
                0x00800102                password
 *(.rodata)
 *(.rodata*)
 *(.gnu.linkonce.d*)
                0x0080010c                . = ALIGN (0x2)
                0x0080010c                _edata = .
                0x0080010c                PROVIDE (__data_end, .)

.bss            0x0080010c       0x14
                0x0080010c                PROVIDE (__bss_start, .)
 *(.bss)
 .bss           0x0080010c        0x0 d:/imt_avr_records/00-tools/05-toolchains/sdk_win_64/winavr/bin/../lib/gcc/avr/4.3.3/../../../../avr/lib/avr5/crtm32.o
 .bss           0x0080010c        0x0 ./MCAL/Global_Interrupt/GI_Program.o
 .bss           0x0080010c        0x0 ./MCAL/EXTI/EXTI_Program.o
 .bss           0x0080010c        0x0 ./MCAL/DIO_LCD/Dio_Program.o
 .bss           0x0080010c        0x0 ./MCAL/DIO/DIO_Program.o
 .bss           0x0080010c        0x0 ./HAL/Stepper/Stepper_Program.o
 .bss           0x0080010c        0x0 ./HAL/LCD/LCD_Program.o
 .bss           0x0080010c        0x0 ./HAL/KEYPAD/Keypad.o
 .bss           0x0080010c        0x0 ./HAL/DC_MOTOR/DC_Motor_Program.o
 .bss           0x0080010c        0x0 ./APP/main.o
 .bss           0x0080010c        0x0 d:/imt_avr_records/00-tools/05-toolchains/sdk_win_64/winavr/bin/../lib/gcc/avr/4.3.3/avr5\libgcc.a(_exit.o)
 .bss           0x0080010c        0x0 d:/imt_avr_records/00-tools/05-toolchains/sdk_win_64/winavr/bin/../lib/gcc/avr/4.3.3/avr5\libgcc.a(_copy_data.o)
 .bss           0x0080010c        0x0 d:/imt_avr_records/00-tools/05-toolchains/sdk_win_64/winavr/bin/../lib/gcc/avr/4.3.3/avr5\libgcc.a(_clear_bss.o)
 .bss           0x0080010c        0x0 d:/imt_avr_records/00-tools/05-toolchains/sdk_win_64/winavr/bin/../lib/gcc/avr/4.3.3/avr5\libgcc.a(_fixunssfsi.o)
 .bss           0x0080010c        0x0 d:/imt_avr_records/00-tools/05-toolchains/sdk_win_64/winavr/bin/../lib/gcc/avr/4.3.3/avr5\libgcc.a(_addsub_sf.o)
 .bss           0x0080010c        0x0 d:/imt_avr_records/00-tools/05-toolchains/sdk_win_64/winavr/bin/../lib/gcc/avr/4.3.3/avr5\libgcc.a(_mul_sf.o)
 .bss           0x0080010c        0x0 d:/imt_avr_records/00-tools/05-toolchains/sdk_win_64/winavr/bin/../lib/gcc/avr/4.3.3/avr5\libgcc.a(_gt_sf.o)
 .bss           0x0080010c        0x0 d:/imt_avr_records/00-tools/05-toolchains/sdk_win_64/winavr/bin/../lib/gcc/avr/4.3.3/avr5\libgcc.a(_ge_sf.o)
 .bss           0x0080010c        0x0 d:/imt_avr_records/00-tools/05-toolchains/sdk_win_64/winavr/bin/../lib/gcc/avr/4.3.3/avr5\libgcc.a(_lt_sf.o)
 .bss           0x0080010c        0x0 d:/imt_avr_records/00-tools/05-toolchains/sdk_win_64/winavr/bin/../lib/gcc/avr/4.3.3/avr5\libgcc.a(_sf_to_si.o)
 .bss           0x0080010c        0x0 d:/imt_avr_records/00-tools/05-toolchains/sdk_win_64/winavr/bin/../lib/gcc/avr/4.3.3/avr5\libgcc.a(_thenan_sf.o)
 .bss           0x0080010c        0x0 d:/imt_avr_records/00-tools/05-toolchains/sdk_win_64/winavr/bin/../lib/gcc/avr/4.3.3/avr5\libgcc.a(_prologue.o)
 .bss           0x0080010c        0x0 d:/imt_avr_records/00-tools/05-toolchains/sdk_win_64/winavr/bin/../lib/gcc/avr/4.3.3/avr5\libgcc.a(_epilogue.o)
 .bss           0x0080010c        0x0 d:/imt_avr_records/00-tools/05-toolchains/sdk_win_64/winavr/bin/../lib/gcc/avr/4.3.3/avr5\libgcc.a(_pack_sf.o)
 .bss           0x0080010c        0x0 d:/imt_avr_records/00-tools/05-toolchains/sdk_win_64/winavr/bin/../lib/gcc/avr/4.3.3/avr5\libgcc.a(_unpack_sf.o)
 .bss           0x0080010c        0x0 d:/imt_avr_records/00-tools/05-toolchains/sdk_win_64/winavr/bin/../lib/gcc/avr/4.3.3/avr5\libgcc.a(_fpcmp_parts_sf.o)
 *(.bss*)
 .bss.EXTI      0x0080010c        0x6 ./MCAL/EXTI/EXTI_Program.o
                0x0080010c                EXTI
 .bss.Local_u8_Flag
                0x00800112        0x1 ./APP/main.o
                0x00800112                Local_u8_Flag
 .bss.c         0x00800113        0x1 ./APP/main.o
                0x00800113                c
 .bss.Local_u8_Flag.1398
                0x00800114        0x1 ./APP/main.o
 *(COMMON)
 COMMON         0x00800115        0xb ./APP/main.o
                0x00800115                pressed_Keys
                0x0080011f                count
                0x00800120                PROVIDE (__bss_end, .)
                0x00005702                __data_load_start = LOADADDR (.data)
                0x000057ae                __data_load_end = (__data_load_start + SIZEOF (.data))

.noinit         0x00800120        0x0
                0x00800120                PROVIDE (__noinit_start, .)
 *(.noinit*)
                0x00800120                PROVIDE (__noinit_end, .)
                0x00800120                _end = .
                0x00800120                PROVIDE (__heap_start, .)

.eeprom         0x00810000        0x0
 *(.eeprom*)
                0x00810000                __eeprom_end = .

.fuse
 *(.fuse)
 *(.lfuse)
 *(.hfuse)
 *(.efuse)

.lock
 *(.lock*)

.signature
 *(.signature*)

.stab           0x00000000     0x51f0
 *(.stab)
 .stab          0x00000000      0x1bc ./MCAL/Global_Interrupt/GI_Program.o
 .stab          0x000001bc      0x66c ./MCAL/EXTI/EXTI_Program.o
                                0x678 (size before relaxing)
 .stab          0x00000828      0x840 ./MCAL/DIO_LCD/Dio_Program.o
                                0x84c (size before relaxing)
 .stab          0x00001068      0xe1c ./MCAL/DIO/DIO_Program.o
                                0xe28 (size before relaxing)
 .stab          0x00001e84      0x3b4 ./HAL/Stepper/Stepper_Program.o
                                0x540 (size before relaxing)
 .stab          0x00002238      0xf18 ./HAL/LCD/LCD_Program.o
                               0x10b0 (size before relaxing)
 .stab          0x00003150      0x2dc ./HAL/KEYPAD/Keypad.o
                                0x498 (size before relaxing)
 .stab          0x0000342c      0x474 ./HAL/DC_MOTOR/DC_Motor_Program.o
                                0x480 (size before relaxing)
 .stab          0x000038a0     0x1950 ./APP/main.o
                               0x1b0c (size before relaxing)

.stabstr        0x00000000     0x1cc2
 *(.stabstr)
 .stabstr       0x00000000     0x1cc2 ./MCAL/Global_Interrupt/GI_Program.o

.stab.excl
 *(.stab.excl)

.stab.exclstr
 *(.stab.exclstr)

.stab.index
 *(.stab.index)

.stab.indexstr
 *(.stab.indexstr)

.comment
 *(.comment)

.debug
 *(.debug)

.line
 *(.line)

.debug_srcinfo
 *(.debug_srcinfo)

.debug_sfnames
 *(.debug_sfnames)

.debug_aranges  0x00000000      0x140
 *(.debug_aranges)
 .debug_aranges
                0x00000000       0x20 d:/imt_avr_records/00-tools/05-toolchains/sdk_win_64/winavr/bin/../lib/gcc/avr/4.3.3/avr5\libgcc.a(_fixunssfsi.o)
 .debug_aranges
                0x00000020       0x20 d:/imt_avr_records/00-tools/05-toolchains/sdk_win_64/winavr/bin/../lib/gcc/avr/4.3.3/avr5\libgcc.a(_addsub_sf.o)
 .debug_aranges
                0x00000040       0x20 d:/imt_avr_records/00-tools/05-toolchains/sdk_win_64/winavr/bin/../lib/gcc/avr/4.3.3/avr5\libgcc.a(_mul_sf.o)
 .debug_aranges
                0x00000060       0x20 d:/imt_avr_records/00-tools/05-toolchains/sdk_win_64/winavr/bin/../lib/gcc/avr/4.3.3/avr5\libgcc.a(_gt_sf.o)
 .debug_aranges
                0x00000080       0x20 d:/imt_avr_records/00-tools/05-toolchains/sdk_win_64/winavr/bin/../lib/gcc/avr/4.3.3/avr5\libgcc.a(_ge_sf.o)
 .debug_aranges
                0x000000a0       0x20 d:/imt_avr_records/00-tools/05-toolchains/sdk_win_64/winavr/bin/../lib/gcc/avr/4.3.3/avr5\libgcc.a(_lt_sf.o)
 .debug_aranges
                0x000000c0       0x20 d:/imt_avr_records/00-tools/05-toolchains/sdk_win_64/winavr/bin/../lib/gcc/avr/4.3.3/avr5\libgcc.a(_sf_to_si.o)
 .debug_aranges
                0x000000e0       0x20 d:/imt_avr_records/00-tools/05-toolchains/sdk_win_64/winavr/bin/../lib/gcc/avr/4.3.3/avr5\libgcc.a(_pack_sf.o)
 .debug_aranges
                0x00000100       0x20 d:/imt_avr_records/00-tools/05-toolchains/sdk_win_64/winavr/bin/../lib/gcc/avr/4.3.3/avr5\libgcc.a(_unpack_sf.o)
 .debug_aranges
                0x00000120       0x20 d:/imt_avr_records/00-tools/05-toolchains/sdk_win_64/winavr/bin/../lib/gcc/avr/4.3.3/avr5\libgcc.a(_fpcmp_parts_sf.o)

.debug_pubnames
                0x00000000      0x170
 *(.debug_pubnames)
 .debug_pubnames
                0x00000000       0x23 d:/imt_avr_records/00-tools/05-toolchains/sdk_win_64/winavr/bin/../lib/gcc/avr/4.3.3/avr5\libgcc.a(_fixunssfsi.o)
 .debug_pubnames
                0x00000023       0x2c d:/imt_avr_records/00-tools/05-toolchains/sdk_win_64/winavr/bin/../lib/gcc/avr/4.3.3/avr5\libgcc.a(_addsub_sf.o)
 .debug_pubnames
                0x0000004f       0x1f d:/imt_avr_records/00-tools/05-toolchains/sdk_win_64/winavr/bin/../lib/gcc/avr/4.3.3/avr5\libgcc.a(_mul_sf.o)
 .debug_pubnames
                0x0000006e       0x1e d:/imt_avr_records/00-tools/05-toolchains/sdk_win_64/winavr/bin/../lib/gcc/avr/4.3.3/avr5\libgcc.a(_gt_sf.o)
 .debug_pubnames
                0x0000008c       0x1e d:/imt_avr_records/00-tools/05-toolchains/sdk_win_64/winavr/bin/../lib/gcc/avr/4.3.3/avr5\libgcc.a(_ge_sf.o)
 .debug_pubnames
                0x000000aa       0x1e d:/imt_avr_records/00-tools/05-toolchains/sdk_win_64/winavr/bin/../lib/gcc/avr/4.3.3/avr5\libgcc.a(_lt_sf.o)
 .debug_pubnames
                0x000000c8       0x20 d:/imt_avr_records/00-tools/05-toolchains/sdk_win_64/winavr/bin/../lib/gcc/avr/4.3.3/avr5\libgcc.a(_sf_to_si.o)
 .debug_pubnames
                0x000000e8       0x22 d:/imt_avr_records/00-tools/05-toolchains/sdk_win_64/winavr/bin/../lib/gcc/avr/4.3.3/avr5\libgcc.a(_thenan_sf.o)
 .debug_pubnames
                0x0000010a       0x1f d:/imt_avr_records/00-tools/05-toolchains/sdk_win_64/winavr/bin/../lib/gcc/avr/4.3.3/avr5\libgcc.a(_pack_sf.o)
 .debug_pubnames
                0x00000129       0x21 d:/imt_avr_records/00-tools/05-toolchains/sdk_win_64/winavr/bin/../lib/gcc/avr/4.3.3/avr5\libgcc.a(_unpack_sf.o)
 .debug_pubnames
                0x0000014a       0x26 d:/imt_avr_records/00-tools/05-toolchains/sdk_win_64/winavr/bin/../lib/gcc/avr/4.3.3/avr5\libgcc.a(_fpcmp_parts_sf.o)

.debug_info     0x00000000     0x1c49
 *(.debug_info)
 .debug_info    0x00000000       0xb1 d:/imt_avr_records/00-tools/05-toolchains/sdk_win_64/winavr/bin/../lib/gcc/avr/4.3.3/avr5\libgcc.a(_fixunssfsi.o)
 .debug_info    0x000000b1      0x47a d:/imt_avr_records/00-tools/05-toolchains/sdk_win_64/winavr/bin/../lib/gcc/avr/4.3.3/avr5\libgcc.a(_addsub_sf.o)
 .debug_info    0x0000052b      0x485 d:/imt_avr_records/00-tools/05-toolchains/sdk_win_64/winavr/bin/../lib/gcc/avr/4.3.3/avr5\libgcc.a(_mul_sf.o)
 .debug_info    0x000009b0      0x27f d:/imt_avr_records/00-tools/05-toolchains/sdk_win_64/winavr/bin/../lib/gcc/avr/4.3.3/avr5\libgcc.a(_gt_sf.o)
 .debug_info    0x00000c2f      0x27f d:/imt_avr_records/00-tools/05-toolchains/sdk_win_64/winavr/bin/../lib/gcc/avr/4.3.3/avr5\libgcc.a(_ge_sf.o)
 .debug_info    0x00000eae      0x27f d:/imt_avr_records/00-tools/05-toolchains/sdk_win_64/winavr/bin/../lib/gcc/avr/4.3.3/avr5\libgcc.a(_lt_sf.o)
 .debug_info    0x0000112d      0x2b0 d:/imt_avr_records/00-tools/05-toolchains/sdk_win_64/winavr/bin/../lib/gcc/avr/4.3.3/avr5\libgcc.a(_sf_to_si.o)
 .debug_info    0x000013dd      0x12c d:/imt_avr_records/00-tools/05-toolchains/sdk_win_64/winavr/bin/../lib/gcc/avr/4.3.3/avr5\libgcc.a(_thenan_sf.o)
 .debug_info    0x00001509      0x2df d:/imt_avr_records/00-tools/05-toolchains/sdk_win_64/winavr/bin/../lib/gcc/avr/4.3.3/avr5\libgcc.a(_pack_sf.o)
 .debug_info    0x000017e8      0x251 d:/imt_avr_records/00-tools/05-toolchains/sdk_win_64/winavr/bin/../lib/gcc/avr/4.3.3/avr5\libgcc.a(_unpack_sf.o)
 .debug_info    0x00001a39      0x210 d:/imt_avr_records/00-tools/05-toolchains/sdk_win_64/winavr/bin/../lib/gcc/avr/4.3.3/avr5\libgcc.a(_fpcmp_parts_sf.o)
 *(.gnu.linkonce.wi.*)

.debug_abbrev   0x00000000      0xeeb
 *(.debug_abbrev)
 .debug_abbrev  0x00000000       0x5d d:/imt_avr_records/00-tools/05-toolchains/sdk_win_64/winavr/bin/../lib/gcc/avr/4.3.3/avr5\libgcc.a(_fixunssfsi.o)
 .debug_abbrev  0x0000005d      0x1ea d:/imt_avr_records/00-tools/05-toolchains/sdk_win_64/winavr/bin/../lib/gcc/avr/4.3.3/avr5\libgcc.a(_addsub_sf.o)
 .debug_abbrev  0x00000247      0x21b d:/imt_avr_records/00-tools/05-toolchains/sdk_win_64/winavr/bin/../lib/gcc/avr/4.3.3/avr5\libgcc.a(_mul_sf.o)
 .debug_abbrev  0x00000462      0x15a d:/imt_avr_records/00-tools/05-toolchains/sdk_win_64/winavr/bin/../lib/gcc/avr/4.3.3/avr5\libgcc.a(_gt_sf.o)
 .debug_abbrev  0x000005bc      0x15a d:/imt_avr_records/00-tools/05-toolchains/sdk_win_64/winavr/bin/../lib/gcc/avr/4.3.3/avr5\libgcc.a(_ge_sf.o)
 .debug_abbrev  0x00000716      0x15a d:/imt_avr_records/00-tools/05-toolchains/sdk_win_64/winavr/bin/../lib/gcc/avr/4.3.3/avr5\libgcc.a(_lt_sf.o)
 .debug_abbrev  0x00000870      0x17f d:/imt_avr_records/00-tools/05-toolchains/sdk_win_64/winavr/bin/../lib/gcc/avr/4.3.3/avr5\libgcc.a(_sf_to_si.o)
 .debug_abbrev  0x000009ef       0xad d:/imt_avr_records/00-tools/05-toolchains/sdk_win_64/winavr/bin/../lib/gcc/avr/4.3.3/avr5\libgcc.a(_thenan_sf.o)
 .debug_abbrev  0x00000a9c      0x1c0 d:/imt_avr_records/00-tools/05-toolchains/sdk_win_64/winavr/bin/../lib/gcc/avr/4.3.3/avr5\libgcc.a(_pack_sf.o)
 .debug_abbrev  0x00000c5c      0x154 d:/imt_avr_records/00-tools/05-toolchains/sdk_win_64/winavr/bin/../lib/gcc/avr/4.3.3/avr5\libgcc.a(_unpack_sf.o)
 .debug_abbrev  0x00000db0      0x13b d:/imt_avr_records/00-tools/05-toolchains/sdk_win_64/winavr/bin/../lib/gcc/avr/4.3.3/avr5\libgcc.a(_fpcmp_parts_sf.o)

.debug_line     0x00000000      0xdad
 *(.debug_line)
 .debug_line    0x00000000       0xa7 d:/imt_avr_records/00-tools/05-toolchains/sdk_win_64/winavr/bin/../lib/gcc/avr/4.3.3/avr5\libgcc.a(_fixunssfsi.o)
 .debug_line    0x000000a7      0x2af d:/imt_avr_records/00-tools/05-toolchains/sdk_win_64/winavr/bin/../lib/gcc/avr/4.3.3/avr5\libgcc.a(_addsub_sf.o)
 .debug_line    0x00000356      0x239 d:/imt_avr_records/00-tools/05-toolchains/sdk_win_64/winavr/bin/../lib/gcc/avr/4.3.3/avr5\libgcc.a(_mul_sf.o)
 .debug_line    0x0000058f       0xd3 d:/imt_avr_records/00-tools/05-toolchains/sdk_win_64/winavr/bin/../lib/gcc/avr/4.3.3/avr5\libgcc.a(_gt_sf.o)
 .debug_line    0x00000662       0xd3 d:/imt_avr_records/00-tools/05-toolchains/sdk_win_64/winavr/bin/../lib/gcc/avr/4.3.3/avr5\libgcc.a(_ge_sf.o)
 .debug_line    0x00000735       0xd3 d:/imt_avr_records/00-tools/05-toolchains/sdk_win_64/winavr/bin/../lib/gcc/avr/4.3.3/avr5\libgcc.a(_lt_sf.o)
 .debug_line    0x00000808      0x109 d:/imt_avr_records/00-tools/05-toolchains/sdk_win_64/winavr/bin/../lib/gcc/avr/4.3.3/avr5\libgcc.a(_sf_to_si.o)
 .debug_line    0x00000911       0x90 d:/imt_avr_records/00-tools/05-toolchains/sdk_win_64/winavr/bin/../lib/gcc/avr/4.3.3/avr5\libgcc.a(_thenan_sf.o)
 .debug_line    0x000009a1      0x18a d:/imt_avr_records/00-tools/05-toolchains/sdk_win_64/winavr/bin/../lib/gcc/avr/4.3.3/avr5\libgcc.a(_pack_sf.o)
 .debug_line    0x00000b2b      0x14b d:/imt_avr_records/00-tools/05-toolchains/sdk_win_64/winavr/bin/../lib/gcc/avr/4.3.3/avr5\libgcc.a(_unpack_sf.o)
 .debug_line    0x00000c76      0x137 d:/imt_avr_records/00-tools/05-toolchains/sdk_win_64/winavr/bin/../lib/gcc/avr/4.3.3/avr5\libgcc.a(_fpcmp_parts_sf.o)

.debug_frame    0x00000000      0x160
 *(.debug_frame)
 .debug_frame   0x00000000       0x20 d:/imt_avr_records/00-tools/05-toolchains/sdk_win_64/winavr/bin/../lib/gcc/avr/4.3.3/avr5\libgcc.a(_fixunssfsi.o)
 .debug_frame   0x00000020       0x40 d:/imt_avr_records/00-tools/05-toolchains/sdk_win_64/winavr/bin/../lib/gcc/avr/4.3.3/avr5\libgcc.a(_addsub_sf.o)
 .debug_frame   0x00000060       0x20 d:/imt_avr_records/00-tools/05-toolchains/sdk_win_64/winavr/bin/../lib/gcc/avr/4.3.3/avr5\libgcc.a(_mul_sf.o)
 .debug_frame   0x00000080       0x20 d:/imt_avr_records/00-tools/05-toolchains/sdk_win_64/winavr/bin/../lib/gcc/avr/4.3.3/avr5\libgcc.a(_gt_sf.o)
 .debug_frame   0x000000a0       0x20 d:/imt_avr_records/00-tools/05-toolchains/sdk_win_64/winavr/bin/../lib/gcc/avr/4.3.3/avr5\libgcc.a(_ge_sf.o)
 .debug_frame   0x000000c0       0x20 d:/imt_avr_records/00-tools/05-toolchains/sdk_win_64/winavr/bin/../lib/gcc/avr/4.3.3/avr5\libgcc.a(_lt_sf.o)
 .debug_frame   0x000000e0       0x20 d:/imt_avr_records/00-tools/05-toolchains/sdk_win_64/winavr/bin/../lib/gcc/avr/4.3.3/avr5\libgcc.a(_sf_to_si.o)
 .debug_frame   0x00000100       0x20 d:/imt_avr_records/00-tools/05-toolchains/sdk_win_64/winavr/bin/../lib/gcc/avr/4.3.3/avr5\libgcc.a(_pack_sf.o)
 .debug_frame   0x00000120       0x20 d:/imt_avr_records/00-tools/05-toolchains/sdk_win_64/winavr/bin/../lib/gcc/avr/4.3.3/avr5\libgcc.a(_unpack_sf.o)
 .debug_frame   0x00000140       0x20 d:/imt_avr_records/00-tools/05-toolchains/sdk_win_64/winavr/bin/../lib/gcc/avr/4.3.3/avr5\libgcc.a(_fpcmp_parts_sf.o)

.debug_str      0x00000000      0x28d
 *(.debug_str)
 .debug_str     0x00000000       0xbf d:/imt_avr_records/00-tools/05-toolchains/sdk_win_64/winavr/bin/../lib/gcc/avr/4.3.3/avr5\libgcc.a(_fixunssfsi.o)
                                 0xfe (size before relaxing)
 .debug_str     0x000000bf      0x14d d:/imt_avr_records/00-tools/05-toolchains/sdk_win_64/winavr/bin/../lib/gcc/avr/4.3.3/avr5\libgcc.a(_addsub_sf.o)
                                0x206 (size before relaxing)
 .debug_str     0x0000020c       0x27 d:/imt_avr_records/00-tools/05-toolchains/sdk_win_64/winavr/bin/../lib/gcc/avr/4.3.3/avr5\libgcc.a(_mul_sf.o)
                                0x1bf (size before relaxing)
 .debug_str     0x00000233        0xf d:/imt_avr_records/00-tools/05-toolchains/sdk_win_64/winavr/bin/../lib/gcc/avr/4.3.3/avr5\libgcc.a(_gt_sf.o)
                                0x195 (size before relaxing)
 .debug_str     0x00000242        0x8 d:/imt_avr_records/00-tools/05-toolchains/sdk_win_64/winavr/bin/../lib/gcc/avr/4.3.3/avr5\libgcc.a(_ge_sf.o)
                                0x195 (size before relaxing)
 .debug_str     0x0000024a        0x8 d:/imt_avr_records/00-tools/05-toolchains/sdk_win_64/winavr/bin/../lib/gcc/avr/4.3.3/avr5\libgcc.a(_lt_sf.o)
                                0x195 (size before relaxing)
 .debug_str     0x00000252        0xa d:/imt_avr_records/00-tools/05-toolchains/sdk_win_64/winavr/bin/../lib/gcc/avr/4.3.3/avr5\libgcc.a(_sf_to_si.o)
                                0x19e (size before relaxing)
 .debug_str     0x00000000      0x103 d:/imt_avr_records/00-tools/05-toolchains/sdk_win_64/winavr/bin/../lib/gcc/avr/4.3.3/avr5\libgcc.a(_thenan_sf.o)
 .debug_str     0x0000025c       0x16 d:/imt_avr_records/00-tools/05-toolchains/sdk_win_64/winavr/bin/../lib/gcc/avr/4.3.3/avr5\libgcc.a(_pack_sf.o)
                                0x19d (size before relaxing)
 .debug_str     0x00000272        0xb d:/imt_avr_records/00-tools/05-toolchains/sdk_win_64/winavr/bin/../lib/gcc/avr/4.3.3/avr5\libgcc.a(_unpack_sf.o)
                                0x17f (size before relaxing)
 .debug_str     0x0000027d       0x10 d:/imt_avr_records/00-tools/05-toolchains/sdk_win_64/winavr/bin/../lib/gcc/avr/4.3.3/avr5\libgcc.a(_fpcmp_parts_sf.o)
                                0x163 (size before relaxing)

.debug_loc      0x00000000      0x7ce
 *(.debug_loc)
 .debug_loc     0x00000000       0x34 d:/imt_avr_records/00-tools/05-toolchains/sdk_win_64/winavr/bin/../lib/gcc/avr/4.3.3/avr5\libgcc.a(_fixunssfsi.o)
 .debug_loc     0x00000034      0x32a d:/imt_avr_records/00-tools/05-toolchains/sdk_win_64/winavr/bin/../lib/gcc/avr/4.3.3/avr5\libgcc.a(_addsub_sf.o)
 .debug_loc     0x0000035e      0x104 d:/imt_avr_records/00-tools/05-toolchains/sdk_win_64/winavr/bin/../lib/gcc/avr/4.3.3/avr5\libgcc.a(_mul_sf.o)
 .debug_loc     0x00000462       0x3c d:/imt_avr_records/00-tools/05-toolchains/sdk_win_64/winavr/bin/../lib/gcc/avr/4.3.3/avr5\libgcc.a(_gt_sf.o)
 .debug_loc     0x0000049e       0x3c d:/imt_avr_records/00-tools/05-toolchains/sdk_win_64/winavr/bin/../lib/gcc/avr/4.3.3/avr5\libgcc.a(_ge_sf.o)
 .debug_loc     0x000004da       0x3c d:/imt_avr_records/00-tools/05-toolchains/sdk_win_64/winavr/bin/../lib/gcc/avr/4.3.3/avr5\libgcc.a(_lt_sf.o)
 .debug_loc     0x00000516       0x7e d:/imt_avr_records/00-tools/05-toolchains/sdk_win_64/winavr/bin/../lib/gcc/avr/4.3.3/avr5\libgcc.a(_sf_to_si.o)
 .debug_loc     0x00000594      0x13e d:/imt_avr_records/00-tools/05-toolchains/sdk_win_64/winavr/bin/../lib/gcc/avr/4.3.3/avr5\libgcc.a(_pack_sf.o)
 .debug_loc     0x000006d2       0xac d:/imt_avr_records/00-tools/05-toolchains/sdk_win_64/winavr/bin/../lib/gcc/avr/4.3.3/avr5\libgcc.a(_unpack_sf.o)
 .debug_loc     0x0000077e       0x50 d:/imt_avr_records/00-tools/05-toolchains/sdk_win_64/winavr/bin/../lib/gcc/avr/4.3.3/avr5\libgcc.a(_fpcmp_parts_sf.o)

.debug_macinfo
 *(.debug_macinfo)
OUTPUT(EXTI.elf elf32-avr)
LOAD linker stubs

.debug_ranges   0x00000000       0x50
 .debug_ranges  0x00000000       0x50 d:/imt_avr_records/00-tools/05-toolchains/sdk_win_64/winavr/bin/../lib/gcc/avr/4.3.3/avr5\libgcc.a(_mul_sf.o)
